// Vitest Snapshot v1, https://vitest.dev/guide/snapshot.html

exports[`CODE_ENRICHMENTS cache identity > id@cache_version set is stable 1`] = `
[
  "aggadata.background@1",
  "aggadata.interpretation@1",
  "aggadata.parallels@1",
  "aggadata.qa@1",
  "aggadata.suggested-questions@1",
  "aggadata.synthesis@1",
  "argument-move.commentaries@2",
  "argument-move.qa@5",
  "argument-move.suggested-questions@3",
  "argument-move.synthesis@5",
  "argument.background@3",
  "argument.synthesis@10",
  "argument.voices@5",
  "halacha.codification@3",
  "halacha.disputes@3",
  "halacha.practical@4",
  "halacha.synthesis@4",
  "pesukim.landing@1",
  "pesukim.mechanism@1",
  "pesukim.qa@3",
  "pesukim.suggested-questions@3",
  "pesukim.synthesis@11",
  "pesukim.tanach-context@6",
  "pesukim.why-here@1",
  "places.figures@1",
  "places.profile@1",
  "places.significance@1",
  "places.synthesis@3",
  "rabbi.bio@5",
  "rabbi.classification@2",
  "rabbi.geography.evidence@2",
  "rabbi.geography@3",
  "rabbi.identity@1",
  "rabbi.location@2",
  "rabbi.observations@1",
  "rabbi.philosophy@4",
  "rabbi.relationships.evidence@2",
  "rabbi.relationships@6",
  "rabbi.synthesis@11",
  "rishonim.synthesis@3",
]
`;
