// Vitest Snapshot v1, https://vitest.dev/guide/snapshot.html

exports[`CODE_ENRICHMENTS cache identity > per-enrichment fingerprint is stable 1`] = `
[
  "aggadata.background@2 mode=augment-content scope=global mark=aggadata schema=aggadata_background[background] deps=[]",
  "aggadata.interpretation@2 mode=augment-content scope=local mark=aggadata schema=aggadata_interpretation[interpretation] deps=[gemara|commentaries]",
  "aggadata.parallels@1 mode=augment-content scope=global mark=aggadata schema=aggadata_parallels[parallels,prose] deps=[]",
  "aggadata.qa@1 mode=augment-content scope=local mark=aggadata schema=aggadata_qa[answer,confidence] deps=[gemara|commentaries|e:aggadata.background|e:aggadata.interpretation|e:aggadata.parallels|e:aggadata.synthesis|m:aggadata]",
  "aggadata.suggested-questions@1 mode=augment-content scope=local mark=aggadata schema=aggadata_suggested_questions[questions] deps=[gemara|m:aggadata|e:aggadata.synthesis]",
  "aggadata.synthesis@1 mode=aggregate scope=local mark=aggadata schema=aggadata_synthesis[synthesis] deps=[gemara|e:aggadata.background|e:aggadata.interpretation|e:aggadata.parallels|m:rabbi|m:aggadata]",
  "argument-move.commentaries@2 mode=augment-content scope=local mark=argument-move schema=argument_move_commentaries[rashi,tosafot,other,note] deps=[gemara|commentaries]",
  "argument-move.qa@5 mode=augment-content scope=local mark=argument-move schema=argument_move_qa[answer,confidence] deps=[gemara|e:argument-move.synthesis|e:argument-move.commentaries|m:argument-move]",
  "argument-move.suggested-questions@3 mode=augment-content scope=local mark=argument-move schema=argument_move_suggested_questions[questions] deps=[gemara|m:argument-move|e:argument-move.synthesis]",
  "argument-move.synthesis@5 mode=aggregate scope=local mark=argument-move schema=argument_move_synthesis[synthesis] deps=[gemara|e:argument-move.commentaries|m:argument-move|m:rabbi]",
  "argument-overview.flow@1 mode=augment-content scope=local mark=argument-overview schema=argument_overview_flow[connections] deps=[m:argument]",
  "argument-overview.synthesis@4 mode=aggregate scope=local mark=argument-overview schema=argument_overview_synthesis[synthesis] deps=[gemara|context|e:argument-overview.flow|m:argument|m:rabbi]",
  "argument.background@5 mode=augment-content scope=local mark=argument schema=argument_background[background] deps=[gemara|commentaries|mishna|context]",
  "argument.narrative@3 mode=augment-content scope=local mark=argument schema=argument_narrative[summary,actors,beats] deps=[gemara|m:argument-move|m:rabbi]",
  "argument.synthesis@11 mode=aggregate scope=local mark=argument schema=argument_synthesis[synthesis] deps=[gemara|commentaries|mishna|e:argument.voices|e:argument.background|m:rabbi|m:argument-move]",
  "argument.voices@5 mode=augment-content scope=local mark=argument schema=argument_voices[voices,edges] deps=[gemara|m:argument-move|m:rabbi]",
  "daf-background.concepts@5 mode=augment-content scope=local mark=daf-background schema=daf_background_concepts[groups] deps=[gemara|context|m:argument]",
  "daf-background.synthesis@5 mode=aggregate scope=local mark=daf-background schema=daf_background_synthesis[synthesis] deps=[gemara|context|e:daf-background.concepts]",
  "halacha.codification@3 mode=augment-content scope=local mark=halacha schema=halacha_codification[mishnehTorah,tur,shulchanAruch,rema,prose] deps=[gemara]",
  "halacha.disputes@3 mode=augment-content scope=local mark=halacha schema=halacha_disputes[disputes] deps=[gemara]",
  "halacha.practical@4 mode=augment-content scope=local mark=halacha schema=halacha_practical[lechatchila,bedieved,appliesWhen,exceptions,prose] deps=[gemara]",
  "halacha.synthesis@4 mode=aggregate scope=local mark=halacha schema=halacha_synthesis[synthesis] deps=[gemara|e:halacha.codification|e:halacha.practical|e:halacha.disputes]",
  "pesukim.landing@1 mode=augment-content scope=local mark=pesukim schema=pesukim_landing[landing] deps=[gemara|m:rabbi]",
  "pesukim.mechanism@1 mode=augment-content scope=local mark=pesukim schema=pesukim_mechanism[mechanism] deps=[gemara|commentaries]",
  "pesukim.qa@3 mode=augment-content scope=local mark=pesukim schema=pesukim_qa[answer,confidence] deps=[gemara|commentaries|e:pesukim.tanach-context|e:pesukim.why-here|e:pesukim.mechanism|e:pesukim.synthesis|m:pesukim]",
  "pesukim.suggested-questions@3 mode=augment-content scope=local mark=pesukim schema=pesukim_suggested_questions[questions] deps=[gemara|m:pesukim|e:pesukim.synthesis]",
  "pesukim.synthesis@11 mode=aggregate scope=local mark=pesukim schema=pesukim_synthesis[synthesis] deps=[gemara|e:pesukim.tanach-context|e:pesukim.why-here|e:pesukim.mechanism|e:pesukim.landing|m:rabbi|m:pesukim]",
  "pesukim.tanach-context@6 mode=augment-content scope=global mark=pesukim schema=pesukim_tanach_context[context] deps=[]",
  "pesukim.why-here@1 mode=augment-content scope=local mark=pesukim schema=pesukim_why_here[why_here] deps=[gemara|commentaries]",
  "places.figures@1 mode=augment-content scope=global mark=places schema=place_figures[figures] deps=[]",
  "places.profile@1 mode=augment-content scope=global mark=places schema=place_profile[profile] deps=[]",
  "places.significance@1 mode=augment-content scope=global mark=places schema=place_significance[significance] deps=[]",
  "places.synthesis@3 mode=aggregate scope=local mark=places schema=places_synthesis[synthesis] deps=[gemara|e:places.profile|e:places.significance|e:places.figures|m:places|m:rabbi]",
  "rabbi.bio@5 mode=augment-content scope=global mark=rabbi schema=rabbi_bio[bio] deps=[]",
  "rabbi.classification@2 mode=augment-content scope=global mark=rabbi schema=rabbi_classification[category,justification] deps=[]",
  "rabbi.geography.evidence@2 mode=augment-content scope=local mark=rabbi schema=rabbi_geography_evidence[evidence] deps=[gemara|e:rabbi.geography]",
  "rabbi.geography@3 mode=augment-content scope=global mark=rabbi schema=rabbi_geography[birthplace,primaryStudyPlaces,notablePlaces,movements,prose] deps=[]",
  "rabbi.identity@1 mode=augment-content scope=global mark=rabbi schema=rabbi_identity[slug,name,nameHe,generation,region,places,moved,bio,image,wiki] deps=[]",
  "rabbi.location@2 mode=augment-content scope=local mark=rabbi schema=rabbi_location[place,region,confidence,justification] deps=[gemara|e:rabbi.geography|m:rabbi]",
  "rabbi.observations@1 mode=aggregate scope=local mark=rabbi schema=-[] deps=[gemara|m:rabbi|m:places|m:aggadata|m:argument-move|m:pesukim]",
  "rabbi.philosophy@4 mode=augment-content scope=global mark=rabbi schema=rabbi_philosophy[philosophy] deps=[]",
  "rabbi.relationships.evidence@2 mode=augment-content scope=local mark=rabbi schema=rabbi_relationships_evidence[evidence] deps=[gemara|e:rabbi.relationships]",
  "rabbi.relationships@6 mode=augment-content scope=global mark=rabbi schema=rabbi_relationships[teachers,students,debatePartners,family,prose] deps=[]",
  "rabbi.synthesis@11 mode=aggregate scope=local mark=rabbi schema=rabbi_synthesis[synthesis] deps=[gemara|e:rabbi.bio|e:rabbi.philosophy|e:rabbi.relationships|e:rabbi.classification|e:rabbi.geography|e:rabbi.relationships.evidence|e:rabbi.geography.evidence|e:rabbi.location|e:rabbi.identity|m:rabbi]",
  "rishonim.synthesis@3 mode=aggregate scope=local mark=rishonim schema=rishonim_synthesis[synthesis] deps=[gemara|m:rishonim]",
]
`;
